[2025-04-01 23:42:24,743 main.py:229 INFO] Detected system ID: KnownSystem.Nvidia_2ba6ef78c4c1
[2025-04-01 23:42:25,230 generate_conf_files.py:107 INFO] Generated measurements/ entries for Nvidia_2ba6ef78c4c1_TRT/bert-99.9/Offline
[2025-04-01 23:42:25,231 __init__.py:46 INFO] Running command: ./build/bin/harness_bert --logfile_outdir="/mlc-mount/home/arjun/gh_action_results/valid_results/RTX4090x1-nvidia_original-gpu-tensorrt-vdefault-default_config/bert-99.9/offline/performance/run_1" --logfile_prefix="mlperf_log_" --performance_sample_count=10833 --test_mode="PerformanceOnly" --gpu_batch_size=256 --mlperf_conf_path="/home/mlcuser/MLC/repos/local/cache/get-git-repo_08fd7192/inference/mlperf.conf" --tensor_path="build/preprocessed_data/squad_tokenized/input_ids.npy,build/preprocessed_data/squad_tokenized/segment_ids.npy,build/preprocessed_data/squad_tokenized/input_mask.npy" --use_graphs=false --user_conf_path="/home/mlcuser/MLC/repos/mlcommons@mlperf-automations/script/generate-mlperf-inference-user-conf/tmp/10c986bcdcca49159f64316d2f8b43eb.conf" --gpu_inference_streams=2 --gpu_copy_streams=2 --gpu_engines="./build/engines/Nvidia_2ba6ef78c4c1/bert/Offline/bert-Offline-gpu-fp16_S_384_B_256_P_2_vs.custom_k_99_9_MaxP.plan" --scenario Offline --model bert
[2025-04-01 23:42:25,231 __init__.py:53 INFO] Overriding Environment
benchmark : Benchmark.BERT
buffer_manager_thread_count : 0
coalesced_tensor : True
data_dir : /home/mlcuser/MLC/repos/local/cache/get-mlperf-inference-nvidia-scratch-space_f962b684/data
gpu_batch_size : 256
gpu_copy_streams : 2
gpu_inference_streams : 2
input_dtype : int32
input_format : linear
log_dir : /home/mlcuser/MLC/repos/local/cache/get-git-repo_32fceb49/repo/closed/NVIDIA/build/logs/2025.04.01-23.42.24
mlperf_conf_path : /home/mlcuser/MLC/repos/local/cache/get-git-repo_08fd7192/inference/mlperf.conf
offline_expected_qps : 0.0
precision : fp16
preprocessed_data_dir : /home/mlcuser/MLC/repos/local/cache/get-mlperf-inference-nvidia-scratch-space_f962b684/preprocessed_data
scenario : Scenario.Offline
system : SystemConfiguration(host_cpu_conf=CPUConfiguration(layout={CPU(name='13th Gen Intel(R) Core(TM) i9-13900K', architecture=<CPUArchitecture.x86_64: AliasedName(name='x86_64', aliases=(), patterns=())>, core_count=24, threads_per_core=1): 1}), host_mem_conf=MemoryConfiguration(host_memory_capacity=Memory(quantity=131.634496, byte_suffix=<ByteSuffix.GB: (1000, 3)>, _num_bytes=131634496000), comparison_tolerance=0.05), accelerator_conf=AcceleratorConfiguration(layout=defaultdict(<class 'int'>, {GPU(name='NVIDIA GeForce RTX 4090', accelerator_type=<AcceleratorType.Discrete: AliasedName(name='Discrete', aliases=(), patterns=())>, vram=Memory(quantity=23.98828125, byte_suffix=<ByteSuffix.GiB: (1024, 3)>, _num_bytes=25757220864), max_power_limit=450.0, pci_id='0x268410DE', compute_sm=89): 1})), numa_conf=None, system_id='Nvidia_2ba6ef78c4c1')
tensor_path : build/preprocessed_data/squad_tokenized/input_ids.npy,build/preprocessed_data/squad_tokenized/segment_ids.npy,build/preprocessed_data/squad_tokenized/input_mask.npy
test_mode : PerformanceOnly
use_graphs : False
user_conf_path : /home/mlcuser/MLC/repos/mlcommons@mlperf-automations/script/generate-mlperf-inference-user-conf/tmp/10c986bcdcca49159f64316d2f8b43eb.conf
system_id : Nvidia_2ba6ef78c4c1
config_name : Nvidia_2ba6ef78c4c1_bert_Offline
workload_setting : WorkloadSetting(HarnessType.Custom, AccuracyTarget.k_99_9, PowerSetting.MaxP)
optimization_level : plugin-enabled
num_profiles : 2
config_ver : custom_k_99_9_MaxP
accuracy_level : 99.9%
inference_server : custom
skip_file_checks : True
power_limit : None
cpu_freq : None
&&&& RUNNING BERT_HARNESS # ./build/bin/harness_bert
I0401 23:42:25.267834 15792 main_bert.cc:164] Found 1 GPUs
I0401 23:42:25.351778 15792 bert_server.cc:147] Engine Path: ./build/engines/Nvidia_2ba6ef78c4c1/bert/Offline/bert-Offline-gpu-fp16_S_384_B_256_P_2_vs.custom_k_99_9_MaxP.plan
[I] [TRT] Loaded engine size: 699 MiB
[I] [TRT] [MemUsageChange] Init cuBLAS/cuBLASLt: CPU +6, GPU +10, now: CPU 859, GPU 1511 (MiB)
[I] [TRT] [MemUsageChange] Init cuDNN: CPU +2, GPU +10, now: CPU 861, GPU 1521 (MiB)
I0401 23:42:25.717625 15792 bert_server.cc:208] Engines Creation Completed
[I] [TRT] [MemUsageChange] TensorRT-managed allocation in engine deserialization: CPU +0, GPU +576, now: CPU 0, GPU 576 (MiB)
I0401 23:42:25.734892 15792 bert_core_vs.cc:385] Engine - Device Memory requirements: 1409287680
I0401 23:42:25.734898 15792 bert_core_vs.cc:393] Engine - Number of Optimization Profiles: 2
I0401 23:42:25.734906 15792 bert_core_vs.cc:415] Engine - Profile 0 maxDims 98304 Bmax=256 Smax=384
[I] [TRT] [MemUsageChange] Init cuBLAS/cuBLASLt: CPU +0, GPU +8, now: CPU 162, GPU 2859 (MiB)
[I] [TRT] [MemUsageChange] Init cuDNN: CPU +0, GPU +8, now: CPU 162, GPU 2867 (MiB)
I0401 23:42:25.777113 15792 bert_core_vs.cc:426] Setting Opt.Prof. to 0
I0401 23:42:25.777129 15792 bert_core_vs.cc:444] Context creation complete. Max supported batchSize: 256
[I] [TRT] [MemUsageChange] TensorRT-managed allocation in IExecutionContext creation: CPU +1, GPU +0, now: CPU 1, GPU 576 (MiB)
I0401 23:42:25.777693 15792 bert_core_vs.cc:476] Setup complete
I0401 23:42:25.777830 15792 bert_core_vs.cc:385] Engine - Device Memory requirements: 1409287680
I0401 23:42:25.777832 15792 bert_core_vs.cc:393] Engine - Number of Optimization Profiles: 2
I0401 23:42:25.777834 15792 bert_core_vs.cc:415] Engine - Profile 1 maxDims 98304 Bmax=256 Smax=384
[I] [TRT] [MemUsageChange] Init cuBLAS/cuBLASLt: CPU +0, GPU +8, now: CPU 285, GPU 4345 (MiB)
[I] [TRT] [MemUsageChange] Init cuDNN: CPU +0, GPU +10, now: CPU 285, GPU 4355 (MiB)
[I] [TRT] Could not set default profile 0 for execution context. Profile index must be set explicitly.
I0401 23:42:25.818790 15792 bert_core_vs.cc:426] Setting Opt.Prof. to 1
[I] [TRT] [MemUsageChange] TensorRT-managed allocation in IExecutionContext creation: CPU +0, GPU +0, now: CPU 1, GPU 576 (MiB)
I0401 23:42:25.819078 15792 bert_core_vs.cc:444] Context creation complete. Max supported batchSize: 256
I0401 23:42:25.819623 15792 bert_core_vs.cc:476] Setup complete
I0401 23:42:26.428290 15792 main_bert.cc:185] Starting running actual test.
I0401 23:55:50.882902 15792 main_bert.cc:191] Finished running actual test.
================================================
MLPerf Results Summary
================================================
SUT name : BERT SERVER
Scenario : Offline
Mode     : PerformanceOnly
Samples per second: 1657.73
Result is : VALID
  Min duration satisfied : Yes
  Min queries satisfied : Yes
  Early stopping satisfied: Yes

================================================
Additional Stats
================================================
Min latency (ns)                : 875890804
Max latency (ns)                : 804230328688
Mean latency (ns)               : 486663590469
50.00 percentile latency (ns)   : 518188793358
90.00 percentile latency (ns)   : 766841555346
95.00 percentile latency (ns)   : 789038694428
97.00 percentile latency (ns)   : 796323833006
99.00 percentile latency (ns)   : 802101193467
99.90 percentile latency (ns)   : 804092834513

================================================
Test Parameters Used
================================================
samples_per_query : 1333200
target_qps : 2020
target_latency (ns): 0
max_async_queries : 1
min_duration (ms): 600000
max_duration (ms): 0
min_query_count : 1
max_query_count : 0
qsl_rng_seed : 6023615788873153749
sample_index_rng_seed : 15036839855038426416
schedule_rng_seed : 9933818062894767841
accuracy_log_rng_seed : 0
accuracy_log_probability : 0
accuracy_log_sampling_target : 0
print_timestamps : 0
performance_issue_unique : 0
performance_issue_same : 0
performance_issue_same_index : 0
performance_sample_count : 10833

No warnings encountered during test.

No errors encountered during test.
[2025-04-01 23:55:50,974 run_harness.py:166 INFO] Result: result_samples_per_second: 1657.73, Result is VALID
 
======================== Result summaries: ========================

