[2025-05-01 11:33:40,860 main.py:229 INFO] Detected system ID: KnownSystem.ff13c90c32e9
/home/mlcuser/.local/lib/python3.8/site-packages/torchvision/datapoints/__init__.py:12: UserWarning: The torchvision.datapoints and torchvision.transforms.v2 namespaces are still Beta. While we do not expect major breaking changes, some APIs may still change according to user feedback. Please submit any feedback you may have in this issue: https://github.com/pytorch/vision/issues/6753, and you can also check out https://github.com/pytorch/vision/issues/7319 to learn more about the APIs that we suspect might involve future changes. You can silence this warning by calling torchvision.disable_beta_transforms_warning().
  warnings.warn(_BETA_TRANSFORMS_WARNING)
/home/mlcuser/.local/lib/python3.8/site-packages/torchvision/transforms/v2/__init__.py:54: UserWarning: The torchvision.datapoints and torchvision.transforms.v2 namespaces are still Beta. While we do not expect major breaking changes, some APIs may still change according to user feedback. Please submit any feedback you may have in this issue: https://github.com/pytorch/vision/issues/6753, and you can also check out https://github.com/pytorch/vision/issues/7319 to learn more about the APIs that we suspect might involve future changes. You can silence this warning by calling torchvision.disable_beta_transforms_warning().
  warnings.warn(_BETA_TRANSFORMS_WARNING)
[2025-05-01 11:33:42,185 generate_conf_files.py:107 INFO] Generated measurements/ entries for ff13c90c32e9_TRT/stable-diffusion-xl/Offline
[2025-05-01 11:33:42,185 __init__.py:46 INFO] Running command: python3 -m code.stable-diffusion-xl.tensorrt.harness --logfile_outdir="/mlc-mount/home/arjun/gh_action_results/valid_results/RTX4090x1-nvidia_original-gpu-tensorrt-vdefault-default_config/stable-diffusion-xl/offline/performance/run_1" --logfile_prefix="mlperf_log_" --performance_sample_count=5000 --test_mode="PerformanceOnly" --gpu_batch_size=2 --mlperf_conf_path="/home/mlcuser/MLC/repos/local/cache/get-git-repo_08fd7192/inference/mlperf.conf" --tensor_path="build/preprocessed_data/coco2014-tokenized-sdxl/5k_dataset_final/" --use_graphs=true --user_conf_path="/home/mlcuser/MLC/repos/mlcommons@mlperf-automations/script/generate-mlperf-inference-user-conf/tmp/936321d99570440aa035d7719990294b.conf" --gpu_inference_streams=1 --gpu_copy_streams=1 --gpu_engines="./build/engines/ff13c90c32e9/stable-diffusion-xl/Offline/stable-diffusion-xl-CLIP-Offline-gpu-b2-fp16.custom_k_99_MaxP.plan,./build/engines/ff13c90c32e9/stable-diffusion-xl/Offline/stable-diffusion-xl-CLIPWithProj-Offline-gpu-b2-fp16.custom_k_99_MaxP.plan,./build/engines/ff13c90c32e9/stable-diffusion-xl/Offline/stable-diffusion-xl-UNetXL-Offline-gpu-b2-int8.custom_k_99_MaxP.plan,./build/engines/ff13c90c32e9/stable-diffusion-xl/Offline/stable-diffusion-xl-VAE-Offline-gpu-b2-fp32.custom_k_99_MaxP.plan" --scenario Offline --model stable-diffusion-xl
[2025-05-01 11:33:42,185 __init__.py:53 INFO] Overriding Environment
/home/mlcuser/.local/lib/python3.8/site-packages/torchvision/datapoints/__init__.py:12: UserWarning: The torchvision.datapoints and torchvision.transforms.v2 namespaces are still Beta. While we do not expect major breaking changes, some APIs may still change according to user feedback. Please submit any feedback you may have in this issue: https://github.com/pytorch/vision/issues/6753, and you can also check out https://github.com/pytorch/vision/issues/7319 to learn more about the APIs that we suspect might involve future changes. You can silence this warning by calling torchvision.disable_beta_transforms_warning().
  warnings.warn(_BETA_TRANSFORMS_WARNING)
/home/mlcuser/.local/lib/python3.8/site-packages/torchvision/transforms/v2/__init__.py:54: UserWarning: The torchvision.datapoints and torchvision.transforms.v2 namespaces are still Beta. While we do not expect major breaking changes, some APIs may still change according to user feedback. Please submit any feedback you may have in this issue: https://github.com/pytorch/vision/issues/6753, and you can also check out https://github.com/pytorch/vision/issues/7319 to learn more about the APIs that we suspect might involve future changes. You can silence this warning by calling torchvision.disable_beta_transforms_warning().
  warnings.warn(_BETA_TRANSFORMS_WARNING)
[2025-05-01 11:33:43,451 backend.py:71 INFO] Loading TensorRT engine: ./build/engines/ff13c90c32e9/stable-diffusion-xl/Offline/stable-diffusion-xl-CLIP-Offline-gpu-b2-fp16.custom_k_99_MaxP.plan.
[2025-05-01 11:33:43,545 backend.py:71 INFO] Loading TensorRT engine: ./build/engines/ff13c90c32e9/stable-diffusion-xl/Offline/stable-diffusion-xl-CLIPWithProj-Offline-gpu-b2-fp16.custom_k_99_MaxP.plan.
[2025-05-01 11:33:44,038 backend.py:71 INFO] Loading TensorRT engine: ./build/engines/ff13c90c32e9/stable-diffusion-xl/Offline/stable-diffusion-xl-UNetXL-Offline-gpu-b2-int8.custom_k_99_MaxP.plan.
[2025-05-01 11:33:45,083 backend.py:71 INFO] Loading TensorRT engine: ./build/engines/ff13c90c32e9/stable-diffusion-xl/Offline/stable-diffusion-xl-VAE-Offline-gpu-b2-fp32.custom_k_99_MaxP.plan.
[2025-05-01 11:33:46,060 backend.py:96 INFO] Enabling cuda graphs for unet
[2025-05-01 11:33:46,268 backend.py:154 INFO] captured graph for BS=1
[2025-05-01 11:33:46,522 backend.py:154 INFO] captured graph for BS=2
[2025-05-01 11:33:46,522 harness.py:207 INFO] Start Warm Up!
[2025-05-01 11:33:52,356 harness.py:209 INFO] Warm Up Done!
[2025-05-01 11:33:52,356 harness.py:211 INFO] Start Test!
[2025-05-01 13:33:50,991 backend.py:801 INFO] [Server] Received 5000 total samples
[2025-05-01 13:33:50,991 backend.py:809 INFO] [Device 0] Reported 5000 samples
[2025-05-01 13:33:50,991 harness.py:214 INFO] Test Done!
[2025-05-01 13:33:50,991 harness.py:216 INFO] Destroying SUT...
[2025-05-01 13:33:50,991 harness.py:219 INFO] Destroying QSL...
benchmark : Benchmark.SDXL
buffer_manager_thread_count : 0
data_dir : /home/mlcuser/MLC/repos/local/cache/get-mlperf-inference-nvidia-scratch-space_f962b684/data
gpu_batch_size : 2
gpu_copy_streams : 1
gpu_inference_streams : 1
input_dtype : int32
input_format : linear
log_dir : /home/mlcuser/MLC/repos/local/cache/get-git-repo_32fceb49/repo/closed/NVIDIA/build/logs/2025.05.01-11.33.40
mlperf_conf_path : /home/mlcuser/MLC/repos/local/cache/get-git-repo_08fd7192/inference/mlperf.conf
model_path : /home/mlcuser/MLC/repos/local/cache/get-mlperf-inference-nvidia-scratch-space_f962b684/models/SDXL/
offline_expected_qps : 0.0
precision : int8
preprocessed_data_dir : /home/mlcuser/MLC/repos/local/cache/get-mlperf-inference-nvidia-scratch-space_f962b684/preprocessed_data
scenario : Scenario.Offline
system : SystemConfiguration(host_cpu_conf=CPUConfiguration(layout={CPU(name='13th Gen Intel(R) Core(TM) i9-13900K', architecture=<CPUArchitecture.x86_64: AliasedName(name='x86_64', aliases=(), patterns=())>, core_count=24, threads_per_core=1): 1}), host_mem_conf=MemoryConfiguration(host_memory_capacity=Memory(quantity=131.634496, byte_suffix=<ByteSuffix.GB: (1000, 3)>, _num_bytes=131634496000), comparison_tolerance=0.05), accelerator_conf=AcceleratorConfiguration(layout=defaultdict(<class 'int'>, {GPU(name='NVIDIA GeForce RTX 4090', accelerator_type=<AcceleratorType.Discrete: AliasedName(name='Discrete', aliases=(), patterns=())>, vram=Memory(quantity=23.98828125, byte_suffix=<ByteSuffix.GiB: (1024, 3)>, _num_bytes=25757220864), max_power_limit=450.0, pci_id='0x268410DE', compute_sm=89): 1})), numa_conf=None, system_id='ff13c90c32e9')
tensor_path : build/preprocessed_data/coco2014-tokenized-sdxl/5k_dataset_final/
test_mode : PerformanceOnly
use_graphs : True
user_conf_path : /home/mlcuser/MLC/repos/mlcommons@mlperf-automations/script/generate-mlperf-inference-user-conf/tmp/936321d99570440aa035d7719990294b.conf
system_id : ff13c90c32e9
config_name : ff13c90c32e9_stable-diffusion-xl_Offline
workload_setting : WorkloadSetting(HarnessType.Custom, AccuracyTarget.k_99, PowerSetting.MaxP)
optimization_level : plugin-enabled
num_profiles : 1
config_ver : custom_k_99_MaxP
accuracy_level : 99%
inference_server : custom
skip_file_checks : False
power_limit : None
cpu_freq : None
[I] Loading bytes from ./build/engines/ff13c90c32e9/stable-diffusion-xl/Offline/stable-diffusion-xl-CLIP-Offline-gpu-b2-fp16.custom_k_99_MaxP.plan
[I] Loading bytes from ./build/engines/ff13c90c32e9/stable-diffusion-xl/Offline/stable-diffusion-xl-CLIPWithProj-Offline-gpu-b2-fp16.custom_k_99_MaxP.plan
[I] Loading bytes from ./build/engines/ff13c90c32e9/stable-diffusion-xl/Offline/stable-diffusion-xl-UNetXL-Offline-gpu-b2-int8.custom_k_99_MaxP.plan
[I] Loading bytes from ./build/engines/ff13c90c32e9/stable-diffusion-xl/Offline/stable-diffusion-xl-VAE-Offline-gpu-b2-fp32.custom_k_99_MaxP.plan
[2025-05-01 13:33:51,284 run_harness.py:166 INFO] Result: result_samples_per_second: 0.694579, Result is VALID
 
======================== Result summaries: ========================

