[2025-03-01 09:42:26,922 main.py:229 INFO] Detected system ID: KnownSystem.Nvidia_6f7c6b4bf2bd
/home/mlcuser/.local/lib/python3.8/site-packages/torchvision/datapoints/__init__.py:12: UserWarning: The torchvision.datapoints and torchvision.transforms.v2 namespaces are still Beta. While we do not expect major breaking changes, some APIs may still change according to user feedback. Please submit any feedback you may have in this issue: https://github.com/pytorch/vision/issues/6753, and you can also check out https://github.com/pytorch/vision/issues/7319 to learn more about the APIs that we suspect might involve future changes. You can silence this warning by calling torchvision.disable_beta_transforms_warning().
  warnings.warn(_BETA_TRANSFORMS_WARNING)
/home/mlcuser/.local/lib/python3.8/site-packages/torchvision/transforms/v2/__init__.py:54: UserWarning: The torchvision.datapoints and torchvision.transforms.v2 namespaces are still Beta. While we do not expect major breaking changes, some APIs may still change according to user feedback. Please submit any feedback you may have in this issue: https://github.com/pytorch/vision/issues/6753, and you can also check out https://github.com/pytorch/vision/issues/7319 to learn more about the APIs that we suspect might involve future changes. You can silence this warning by calling torchvision.disable_beta_transforms_warning().
  warnings.warn(_BETA_TRANSFORMS_WARNING)
[2025-03-01 09:42:28,235 generate_conf_files.py:107 INFO] Generated measurements/ entries for Nvidia_6f7c6b4bf2bd_TRT/stable-diffusion-xl/SingleStream
[2025-03-01 09:42:28,235 __init__.py:46 INFO] Running command: python3 -m code.stable-diffusion-xl.tensorrt.harness --logfile_outdir="/mlc-mount/home/arjun/gh_action_results/valid_results/RTX4090x1-nvidia_original-gpu-tensorrt-vdefault-default_config/stable-diffusion-xl/singlestream/performance/run_1" --logfile_prefix="mlperf_log_" --performance_sample_count=5000 --test_mode="PerformanceOnly" --gpu_batch_size=1 --mlperf_conf_path="/home/mlcuser/MLC/repos/local/cache/get-git-repo_08fd7192/inference/mlperf.conf" --tensor_path="build/preprocessed_data/coco2014-tokenized-sdxl/5k_dataset_final/" --use_graphs=true --user_conf_path="/home/mlcuser/MLC/repos/mlcommons@mlperf-automations/script/generate-mlperf-inference-user-conf/tmp/21035e467d004a05ba3c28120e8f6016.conf" --gpu_inference_streams=1 --gpu_copy_streams=1 --gpu_engines="./build/engines/Nvidia_6f7c6b4bf2bd/stable-diffusion-xl/SingleStream/stable-diffusion-xl-CLIP-SingleStream-gpu-b1-fp16.custom_k_99_MaxP.plan,./build/engines/Nvidia_6f7c6b4bf2bd/stable-diffusion-xl/SingleStream/stable-diffusion-xl-CLIPWithProj-SingleStream-gpu-b1-fp16.custom_k_99_MaxP.plan,./build/engines/Nvidia_6f7c6b4bf2bd/stable-diffusion-xl/SingleStream/stable-diffusion-xl-UNetXL-SingleStream-gpu-b1-int8.custom_k_99_MaxP.plan,./build/engines/Nvidia_6f7c6b4bf2bd/stable-diffusion-xl/SingleStream/stable-diffusion-xl-VAE-SingleStream-gpu-b1-fp32.custom_k_99_MaxP.plan" --scenario SingleStream --model stable-diffusion-xl
[2025-03-01 09:42:28,235 __init__.py:53 INFO] Overriding Environment
/home/mlcuser/.local/lib/python3.8/site-packages/torchvision/datapoints/__init__.py:12: UserWarning: The torchvision.datapoints and torchvision.transforms.v2 namespaces are still Beta. While we do not expect major breaking changes, some APIs may still change according to user feedback. Please submit any feedback you may have in this issue: https://github.com/pytorch/vision/issues/6753, and you can also check out https://github.com/pytorch/vision/issues/7319 to learn more about the APIs that we suspect might involve future changes. You can silence this warning by calling torchvision.disable_beta_transforms_warning().
  warnings.warn(_BETA_TRANSFORMS_WARNING)
/home/mlcuser/.local/lib/python3.8/site-packages/torchvision/transforms/v2/__init__.py:54: UserWarning: The torchvision.datapoints and torchvision.transforms.v2 namespaces are still Beta. While we do not expect major breaking changes, some APIs may still change according to user feedback. Please submit any feedback you may have in this issue: https://github.com/pytorch/vision/issues/6753, and you can also check out https://github.com/pytorch/vision/issues/7319 to learn more about the APIs that we suspect might involve future changes. You can silence this warning by calling torchvision.disable_beta_transforms_warning().
  warnings.warn(_BETA_TRANSFORMS_WARNING)
[2025-03-01 09:42:29,504 backend.py:71 INFO] Loading TensorRT engine: ./build/engines/Nvidia_6f7c6b4bf2bd/stable-diffusion-xl/SingleStream/stable-diffusion-xl-CLIP-SingleStream-gpu-b1-fp16.custom_k_99_MaxP.plan.
[2025-03-01 09:42:29,672 backend.py:71 INFO] Loading TensorRT engine: ./build/engines/Nvidia_6f7c6b4bf2bd/stable-diffusion-xl/SingleStream/stable-diffusion-xl-CLIPWithProj-SingleStream-gpu-b1-fp16.custom_k_99_MaxP.plan.
[2025-03-01 09:42:30,161 backend.py:71 INFO] Loading TensorRT engine: ./build/engines/Nvidia_6f7c6b4bf2bd/stable-diffusion-xl/SingleStream/stable-diffusion-xl-UNetXL-SingleStream-gpu-b1-int8.custom_k_99_MaxP.plan.
[2025-03-01 09:42:31,234 backend.py:71 INFO] Loading TensorRT engine: ./build/engines/Nvidia_6f7c6b4bf2bd/stable-diffusion-xl/SingleStream/stable-diffusion-xl-VAE-SingleStream-gpu-b1-fp32.custom_k_99_MaxP.plan.
[2025-03-01 09:42:31,821 backend.py:96 INFO] Enabling cuda graphs for unet
[2025-03-01 09:42:31,962 backend.py:154 INFO] captured graph for BS=1
[2025-03-01 09:42:31,963 harness.py:207 INFO] Start Warm Up!
[2025-03-01 09:42:34,829 harness.py:209 INFO] Warm Up Done!
[2025-03-01 09:42:34,829 harness.py:211 INFO] Start Test!
[2025-03-01 09:52:37,903 backend.py:801 INFO] [Server] Received 425 total samples
[2025-03-01 09:52:37,903 backend.py:809 INFO] [Device 0] Reported 425 samples
[2025-03-01 09:52:37,903 harness.py:214 INFO] Test Done!
[2025-03-01 09:52:37,903 harness.py:216 INFO] Destroying SUT...
[2025-03-01 09:52:37,903 harness.py:219 INFO] Destroying QSL...
benchmark : Benchmark.SDXL
buffer_manager_thread_count : 0
data_dir : /home/mlcuser/MLC/repos/local/cache/get-mlperf-inference-nvidia-scratch-space_f962b684/data
gpu_batch_size : 1
gpu_copy_streams : 1
gpu_inference_streams : 1
input_dtype : int32
input_format : linear
log_dir : /home/mlcuser/MLC/repos/local/cache/get-git-repo_32fceb49/repo/closed/NVIDIA/build/logs/2025.03.01-09.42.26
mlperf_conf_path : /home/mlcuser/MLC/repos/local/cache/get-git-repo_08fd7192/inference/mlperf.conf
model_path : /home/mlcuser/MLC/repos/local/cache/get-mlperf-inference-nvidia-scratch-space_f962b684/models/SDXL/
precision : int8
preprocessed_data_dir : /home/mlcuser/MLC/repos/local/cache/get-mlperf-inference-nvidia-scratch-space_f962b684/preprocessed_data
scenario : Scenario.SingleStream
single_stream_expected_latency_ns : 0
system : SystemConfiguration(host_cpu_conf=CPUConfiguration(layout={CPU(name='13th Gen Intel(R) Core(TM) i9-13900K', architecture=<CPUArchitecture.x86_64: AliasedName(name='x86_64', aliases=(), patterns=())>, core_count=24, threads_per_core=1): 1}), host_mem_conf=MemoryConfiguration(host_memory_capacity=Memory(quantity=131.634496, byte_suffix=<ByteSuffix.GB: (1000, 3)>, _num_bytes=131634496000), comparison_tolerance=0.05), accelerator_conf=AcceleratorConfiguration(layout=defaultdict(<class 'int'>, {GPU(name='NVIDIA GeForce RTX 4090', accelerator_type=<AcceleratorType.Discrete: AliasedName(name='Discrete', aliases=(), patterns=())>, vram=Memory(quantity=23.98828125, byte_suffix=<ByteSuffix.GiB: (1024, 3)>, _num_bytes=25757220864), max_power_limit=450.0, pci_id='0x268410DE', compute_sm=89): 1})), numa_conf=None, system_id='Nvidia_6f7c6b4bf2bd')
tensor_path : build/preprocessed_data/coco2014-tokenized-sdxl/5k_dataset_final/
test_mode : PerformanceOnly
use_graphs : True
user_conf_path : /home/mlcuser/MLC/repos/mlcommons@mlperf-automations/script/generate-mlperf-inference-user-conf/tmp/21035e467d004a05ba3c28120e8f6016.conf
system_id : Nvidia_6f7c6b4bf2bd
config_name : Nvidia_6f7c6b4bf2bd_stable-diffusion-xl_SingleStream
workload_setting : WorkloadSetting(HarnessType.Custom, AccuracyTarget.k_99, PowerSetting.MaxP)
optimization_level : plugin-enabled
num_profiles : 1
config_ver : custom_k_99_MaxP
accuracy_level : 99%
inference_server : custom
skip_file_checks : False
power_limit : None
cpu_freq : None
[I] Loading bytes from ./build/engines/Nvidia_6f7c6b4bf2bd/stable-diffusion-xl/SingleStream/stable-diffusion-xl-CLIP-SingleStream-gpu-b1-fp16.custom_k_99_MaxP.plan
[I] Loading bytes from ./build/engines/Nvidia_6f7c6b4bf2bd/stable-diffusion-xl/SingleStream/stable-diffusion-xl-CLIPWithProj-SingleStream-gpu-b1-fp16.custom_k_99_MaxP.plan
[I] Loading bytes from ./build/engines/Nvidia_6f7c6b4bf2bd/stable-diffusion-xl/SingleStream/stable-diffusion-xl-UNetXL-SingleStream-gpu-b1-int8.custom_k_99_MaxP.plan
[I] Loading bytes from ./build/engines/Nvidia_6f7c6b4bf2bd/stable-diffusion-xl/SingleStream/stable-diffusion-xl-VAE-SingleStream-gpu-b1-fp32.custom_k_99_MaxP.plan
[2025-03-01 09:52:38,221 run_harness.py:166 INFO] Result: result_90.00_percentile_latency_ns: 1419765045, Result is VALID
 
======================== Result summaries: ========================

